###############################################################################
#
# IAR ELF Linker V7.50.2.10312/W32 for ARM                18/Nov/2017  17:39:23
# Copyright 2007-2015 IAR Systems AB.
#
#    Output file  =  
#        D:\Electronic\project\IRControlFilm\IRControl\EWARM\IRControl\Exe\IRControl.out
#    Map file     =  
#        D:\Electronic\project\IRControlFilm\IRControl\EWARM\IRControl\List\IRControl.map
#    Command line =  
#        D:\Electronic\project\IRControlFilm\IRControl\EWARM\IRControl\Obj\main.o
#        D:\Electronic\project\IRControlFilm\IRControl\EWARM\IRControl\Obj\startup_stm32f051x8.o
#        D:\Electronic\project\IRControlFilm\IRControl\EWARM\IRControl\Obj\stm32f0xx_hal.o
#        D:\Electronic\project\IRControlFilm\IRControl\EWARM\IRControl\Obj\stm32f0xx_hal_adc.o
#        D:\Electronic\project\IRControlFilm\IRControl\EWARM\IRControl\Obj\stm32f0xx_hal_adc_ex.o
#        D:\Electronic\project\IRControlFilm\IRControl\EWARM\IRControl\Obj\stm32f0xx_hal_cortex.o
#        D:\Electronic\project\IRControlFilm\IRControl\EWARM\IRControl\Obj\stm32f0xx_hal_dma.o
#        D:\Electronic\project\IRControlFilm\IRControl\EWARM\IRControl\Obj\stm32f0xx_hal_flash.o
#        D:\Electronic\project\IRControlFilm\IRControl\EWARM\IRControl\Obj\stm32f0xx_hal_flash_ex.o
#        D:\Electronic\project\IRControlFilm\IRControl\EWARM\IRControl\Obj\stm32f0xx_hal_gpio.o
#        D:\Electronic\project\IRControlFilm\IRControl\EWARM\IRControl\Obj\stm32f0xx_hal_i2c.o
#        D:\Electronic\project\IRControlFilm\IRControl\EWARM\IRControl\Obj\stm32f0xx_hal_i2c_ex.o
#        D:\Electronic\project\IRControlFilm\IRControl\EWARM\IRControl\Obj\stm32f0xx_hal_msp.o
#        D:\Electronic\project\IRControlFilm\IRControl\EWARM\IRControl\Obj\stm32f0xx_hal_pwr.o
#        D:\Electronic\project\IRControlFilm\IRControl\EWARM\IRControl\Obj\stm32f0xx_hal_pwr_ex.o
#        D:\Electronic\project\IRControlFilm\IRControl\EWARM\IRControl\Obj\stm32f0xx_hal_rcc.o
#        D:\Electronic\project\IRControlFilm\IRControl\EWARM\IRControl\Obj\stm32f0xx_hal_rcc_ex.o
#        D:\Electronic\project\IRControlFilm\IRControl\EWARM\IRControl\Obj\stm32f0xx_hal_tim.o
#        D:\Electronic\project\IRControlFilm\IRControl\EWARM\IRControl\Obj\stm32f0xx_hal_tim_ex.o
#        D:\Electronic\project\IRControlFilm\IRControl\EWARM\IRControl\Obj\stm32f0xx_it.o
#        D:\Electronic\project\IRControlFilm\IRControl\EWARM\IRControl\Obj\system_stm32f0xx.o
#        --redirect _Printf=_PrintfFull --redirect _Scanf=_ScanfFull -o
#        D:\Electronic\project\IRControlFilm\IRControl\EWARM\IRControl\Exe\IRControl.out
#        --map
#        D:\Electronic\project\IRControlFilm\IRControl\EWARM\IRControl\List\IRControl.map
#        --config
#        D:\Electronic\project\IRControlFilm\IRControl\EWARM/stm32f051x8_flash.icf
#        --semihosting --entry __iar_program_start --vfe
#
###############################################################################

*******************************************************************************
*** RUNTIME MODEL ATTRIBUTES
***

CppFlavor       = *
__SystemLibrary = DLib


*******************************************************************************
*** PLACEMENT SUMMARY
***

"A1":  place at 0x08000000 { ro section .intvec };
"P1":  place in [from 0x08000000 to 0x0800ffff] { ro };
"P2":  place in [from 0x20000000 to 0x20001fff] { rw, block CSTACK, block HEAP };

  Section            Kind        Address    Size  Object
  -------            ----        -------    ----  ------
"A1":                                       0xbc
  .intvec            ro code  0x08000000    0xbc  startup_stm32f051x8.o [1]
                            - 0x080000bc    0xbc

"P1":                                     0x1ee8
  .text              ro code  0x080000bc   0x6ec  stm32f0xx_hal_rcc.o [1]
  .text              ro code  0x080007a8    0x5c  stm32f0xx_hal.o [1]
  .text              ro code  0x08000804    0x34  ABImemcpy.o [4]
  .text              ro code  0x08000838    0xae  I32DivModFast.o [4]
  .text              ro code  0x080008e6     0x2  startup_stm32f051x8.o [1]
  .text              ro code  0x080008e8   0x104  stm32f0xx_hal_msp.o [1]
  .text              ro code  0x080009ec   0x136  stm32f0xx_hal_cortex.o [1]
  .text              ro code  0x08000b22     0x2  startup_stm32f051x8.o [1]
  .text              ro code  0x08000b24     0x2  IntDivZer.o [4]
  .text              ro code  0x08000b26     0x2  startup_stm32f051x8.o [1]
  .text              ro code  0x08000b28   0x22c  stm32f0xx_hal_gpio.o [1]
  .text              ro code  0x08000d54   0x5ac  stm32f0xx_hal_adc.o [1]
  .text              ro code  0x08001300   0x48c  main.o [1]
  .text              ro code  0x0800178c    0xd4  stm32f0xx_hal_adc_ex.o [1]
  .text              ro code  0x08001860   0x464  stm32f0xx_hal_tim.o [1]
  .text              ro code  0x08001cc4    0x60  stm32f0xx_hal_tim_ex.o [1]
  .text              ro code  0x08001d24    0x94  system_stm32f0xx.o [1]
  .rodata            const    0x08001db8    0x3c  main.o [1]
  .text              ro code  0x08001df4    0x3c  zero_init3.o [4]
  .text              ro code  0x08001e30    0x34  stm32f0xx_it.o [1]
  .text              ro code  0x08001e64    0x30  copy_init3.o [4]
  .text              ro code  0x08001e94    0x28  data_init.o [4]
  .iar.init_table    const    0x08001ebc    0x24  - Linker created -
  .text              ro code  0x08001ee0    0x1a  cmain.o [4]
  .text              ro code  0x08001efa     0x4  low_level_init.o [3]
  .text              ro code  0x08001efe     0x8  exit.o [3]
  .text              ro code  0x08001f06     0x2  startup_stm32f051x8.o [1]
  .text              ro code  0x08001f08     0xa  cexit.o [4]
  .text              ro code  0x08001f12     0x2  startup_stm32f051x8.o [1]
  .text              ro code  0x08001f14    0x14  exit.o [5]
  .rodata            const    0x08001f28    0x10  stm32f0xx_hal_rcc.o [1]
  .rodata            const    0x08001f38    0x10  stm32f0xx_hal_rcc.o [1]
  .rodata            const    0x08001f48    0x10  system_stm32f0xx.o [1]
  .text              ro code  0x08001f58    0x10  startup_stm32f051x8.o [1]
  .text              ro code  0x08001f68     0xc  cstartup_M.o [4]
  Initializer bytes  const    0x08001f74     0x4  <for P2-1>
  .text              ro code  0x08001f78     0x2  startup_stm32f051x8.o [1]
  .text              ro code  0x08001f7a     0x2  startup_stm32f051x8.o [1]
  .text              ro code  0x08001f7c     0x2  startup_stm32f051x8.o [1]
  .text              ro code  0x08001f7e     0x2  startup_stm32f051x8.o [1]
  .text              ro code  0x08001f80     0x2  startup_stm32f051x8.o [1]
  .text              ro code  0x08001f82     0x2  startup_stm32f051x8.o [1]
  .text              ro code  0x08001f84     0x2  startup_stm32f051x8.o [1]
  .text              ro code  0x08001f86     0x2  startup_stm32f051x8.o [1]
  .text              ro code  0x08001f88     0x2  startup_stm32f051x8.o [1]
  .text              ro code  0x08001f8a     0x2  startup_stm32f051x8.o [1]
  .text              ro code  0x08001f8c     0x2  startup_stm32f051x8.o [1]
  .text              ro code  0x08001f8e     0x2  startup_stm32f051x8.o [1]
  .text              ro code  0x08001f90     0x2  startup_stm32f051x8.o [1]
  .text              ro code  0x08001f92     0x2  startup_stm32f051x8.o [1]
  .text              ro code  0x08001f94     0x2  startup_stm32f051x8.o [1]
  .text              ro code  0x08001f96     0x2  startup_stm32f051x8.o [1]
  .text              ro code  0x08001f98     0x2  startup_stm32f051x8.o [1]
  .text              ro code  0x08001f9a     0x2  startup_stm32f051x8.o [1]
  .text              ro code  0x08001f9c     0x2  startup_stm32f051x8.o [1]
  .text              ro code  0x08001f9e     0x2  startup_stm32f051x8.o [1]
  .text              ro code  0x08001fa0     0x2  startup_stm32f051x8.o [1]
  .text              ro code  0x08001fa2     0x2  startup_stm32f051x8.o [1]
  .rodata            const    0x08001fa4     0x0  zero_init3.o [4]
  .rodata            const    0x08001fa4     0x0  copy_init3.o [4]
                            - 0x08001fa4  0x1ee8

"P2", part 1 of 3:                           0x4
  P2-1                        0x20000000     0x4  <Init block>
    .data            inited   0x20000000     0x4  system_stm32f0xx.o [1]
                            - 0x20000004     0x4

"P2", part 2 of 3:                         0x400
  CSTACK                      0x20000008   0x400  <Block>
    CSTACK           uninit   0x20000008   0x400  <Block tail>
                            - 0x20000408   0x400

"P2", part 3 of 3:                         0x2d8
  .bss               zero     0x20000408   0x100  main.o [1]
  .bss               zero     0x20000508   0x100  main.o [1]
  .bss               zero     0x20000608    0x4c  main.o [1]
  .bss               zero     0x20000654    0x40  main.o [1]
  .bss               zero     0x20000694    0x40  main.o [1]
  .bss               zero     0x200006d4     0x4  stm32f0xx_hal.o [1]
  .bss               zero     0x200006d8     0x2  main.o [1]
  .bss               zero     0x200006da     0x1  main.o [1]
  .bss               zero     0x200006db     0x1  main.o [1]
  .bss               zero     0x200006dc     0x1  main.o [1]
                            - 0x200006dd   0x2d5


*******************************************************************************
*** INIT TABLE
***

          Address     Size
          -------     ----
Zero (__iar_zero_init3)
    1 destination range, total size 0x2d5:
          0x20000408  0x2d5

Copy (__iar_copy_init3)
    1 source range, total size 0x4:
          0x08001f74    0x4
    1 destination range, total size 0x4:
          0x20000000    0x4



*******************************************************************************
*** MODULE SUMMARY
***

    Module                  ro code  ro data  rw data
    ------                  -------  -------  -------
D:\Electronic\project\IRControlFilm\IRControl\EWARM\IRControl\Obj: [1]
    main.o                    1 164       60      721
    startup_stm32f051x8.o       258
    stm32f0xx_hal.o              92                 4
    stm32f0xx_hal_adc.o       1 452
    stm32f0xx_hal_adc_ex.o      212
    stm32f0xx_hal_cortex.o      310
    stm32f0xx_hal_gpio.o        556
    stm32f0xx_hal_msp.o         260
    stm32f0xx_hal_rcc.o       1 772       32
    stm32f0xx_hal_tim.o       1 124
    stm32f0xx_hal_tim_ex.o       96
    stm32f0xx_it.o               52
    system_stm32f0xx.o          148       20        4
    -------------------------------------------------
    Total:                    7 496      112      729

command line: [2]
    -------------------------------------------------
    Total:

dl6M_tlf.a: [3]
    exit.o                        8
    low_level_init.o              4
    -------------------------------------------------
    Total:                       12

rt6M_tl.a: [4]
    ABImemcpy.o                  52
    I32DivModFast.o             174
    IntDivZer.o                   2
    cexit.o                      10
    cmain.o                      26
    copy_init3.o                 48
    cstartup_M.o                 12
    data_init.o                  40
    zero_init3.o                 60
    -------------------------------------------------
    Total:                      424

shb_l.a: [5]
    exit.o                       20
    -------------------------------------------------
    Total:                       20

    Linker created                        36    1 024
-----------------------------------------------------
    Grand Total:              7 952      148    1 753


*******************************************************************************
*** ENTRY LIST
***

Entry                      Address   Size  Type      Object
-----                      -------   ----  ----      ------
.iar.init_table$$Base   0x08001ebc          --   Gb  - Linker created -
.iar.init_table$$Limit  0x08001ee0          --   Gb  - Linker created -
?main                   0x08001ee1         Code  Gb  cmain.o [4]
ADC1_COMP_IRQHandler    0x08001e47    0xa  Code  Gb  stm32f0xx_it.o [1]
ADC_Enable              0x08001245   0xa6  Code  Lc  stm32f0xx_hal_adc.o [1]
AHBPrescTable           0x08001f48   0x10  Data  Gb  system_stm32f0xx.o [1]
CSTACK$$Base            0x20000008          --   Gb  - Linker created -
CSTACK$$Limit           0x20000408          --   Gb  - Linker created -
Counts                  0x200006d8    0x2  Data  Gb  main.o [1]
DataADCCh3              0x20000408  0x100  Data  Lc  main.o [1]
DataADCCh4              0x20000508  0x100  Data  Lc  main.o [1]
HAL_ADCEx_Calibration_Start
                        0x0800178d   0xd4  Code  Gb  stm32f0xx_hal_adc_ex.o [1]
HAL_ADC_ConfigChannel   0x080010b1  0x18e  Code  Gb  stm32f0xx_hal_adc.o [1]
HAL_ADC_ConvCpltCallback
                        0x080016a5   0x5e  Code  Gb  main.o [1]
HAL_ADC_ErrorCallback   0x080010af    0x2  Code  Wk  stm32f0xx_hal_adc.o [1]
HAL_ADC_GetValue        0x08000fb3    0x6  Code  Gb  stm32f0xx_hal_adc.o [1]
HAL_ADC_IRQHandler      0x08000fb9   0xee  Code  Gb  stm32f0xx_hal_adc.o [1]
HAL_ADC_Init            0x08000d55  0x1ba  Code  Gb  stm32f0xx_hal_adc.o [1]
HAL_ADC_LevelOutOfWindowCallback
                        0x080010ad    0x2  Code  Wk  stm32f0xx_hal_adc.o [1]
HAL_ADC_MspInit         0x0800092b   0x54  Code  Gb  stm32f0xx_hal_msp.o [1]
HAL_ADC_Start_IT        0x08000f1d   0x96  Code  Gb  stm32f0xx_hal_adc.o [1]
HAL_GPIO_Init           0x08000b29  0x1d6  Code  Gb  stm32f0xx_hal_gpio.o [1]
HAL_GPIO_ReadPin        0x08000cff   0x1c  Code  Gb  stm32f0xx_hal_gpio.o [1]
HAL_GPIO_WritePin       0x08000d1b   0x14  Code  Gb  stm32f0xx_hal_gpio.o [1]
HAL_GetTick             0x080007f5    0x6  Code  Wk  stm32f0xx_hal.o [1]
HAL_IncTick             0x080007e9    0xc  Code  Wk  stm32f0xx_hal.o [1]
HAL_Init                0x080007a9   0x1c  Code  Gb  stm32f0xx_hal.o [1]
HAL_InitTick            0x080007c5   0x24  Code  Wk  stm32f0xx_hal.o [1]
HAL_MspInit             0x080008e9   0x42  Code  Gb  stm32f0xx_hal_msp.o [1]
HAL_NVIC_EnableIRQ      0x08000ac5    0xe  Code  Gb  stm32f0xx_hal_cortex.o [1]
HAL_NVIC_SetPriority    0x08000ab1   0x14  Code  Gb  stm32f0xx_hal_cortex.o [1]
HAL_RCC_ClockConfig     0x08000585  0x15e  Code  Gb  stm32f0xx_hal_rcc.o [1]
HAL_RCC_GetHCLKFreq     0x08000777    0x6  Code  Gb  stm32f0xx_hal_rcc.o [1]
HAL_RCC_GetSysClockFreq
                        0x080006f9   0x7e  Code  Gb  stm32f0xx_hal_rcc.o [1]
HAL_RCC_OscConfig       0x080000bd  0x4aa  Code  Gb  stm32f0xx_hal_rcc.o [1]
HAL_SYSTICK_CLKSourceConfig
                        0x08000adf   0x22  Code  Gb  stm32f0xx_hal_cortex.o [1]
HAL_SYSTICK_Callback    0x08000b21    0x2  Code  Wk  stm32f0xx_hal_cortex.o [1]
HAL_SYSTICK_Config      0x08000ad3    0xc  Code  Gb  stm32f0xx_hal_cortex.o [1]
HAL_SYSTICK_IRQHandler  0x08000b19    0x8  Code  Gb  stm32f0xx_hal_cortex.o [1]
HAL_TIMEx_BreakCallback
                        0x08001d23    0x2  Code  Wk  stm32f0xx_hal_tim_ex.o [1]
HAL_TIMEx_CommutationCallback
                        0x08001d21    0x2  Code  Wk  stm32f0xx_hal_tim_ex.o [1]
HAL_TIMEx_MasterConfigSynchronization
                        0x08001cc5   0x5c  Code  Gb  stm32f0xx_hal_tim_ex.o [1]
HAL_TIM_Base_Init       0x08001861   0x3a  Code  Gb  stm32f0xx_hal_tim.o [1]
HAL_TIM_Base_MspInit    0x0800097f   0x5e  Code  Gb  stm32f0xx_hal_msp.o [1]
HAL_TIM_Base_Start      0x0800189b   0x1e  Code  Gb  stm32f0xx_hal_tim.o [1]
HAL_TIM_ConfigClockSource
                        0x08001a3b  0x128  Code  Gb  stm32f0xx_hal_tim.o [1]
HAL_TIM_IC_CaptureCallback
                        0x08001b6b    0x2  Code  Wk  stm32f0xx_hal_tim.o [1]
HAL_TIM_IRQHandler      0x080018b9  0x182  Code  Gb  stm32f0xx_hal_tim.o [1]
HAL_TIM_OC_DelayElapsedCallback
                        0x08001b69    0x2  Code  Wk  stm32f0xx_hal_tim.o [1]
HAL_TIM_PWM_PulseFinishedCallback
                        0x08001b6d    0x2  Code  Wk  stm32f0xx_hal_tim.o [1]
HAL_TIM_PeriodElapsedCallback
                        0x0800170d   0x50  Code  Gb  main.o [1]
HAL_TIM_TriggerCallback
                        0x08001b6f    0x2  Code  Wk  stm32f0xx_hal_tim.o [1]
HardFault_Handler       0x08001e33    0x4  Code  Gb  stm32f0xx_it.o [1]
IndADC3                 0x200006db    0x1  Data  Gb  main.o [1]
IndADC4                 0x200006dc    0x1  Data  Gb  main.o [1]
MX_ADC_Init             0x08001429   0xa8  Code  Lc  main.o [1]
MX_GPIO_Init            0x080015a3   0x62  Code  Lc  main.o [1]
MX_TIM2_Init            0x080014d1   0x7c  Code  Lc  main.o [1]
MX_TIM6_Init            0x0800154d   0x56  Code  Lc  main.o [1]
NMI_Handler             0x08001e31    0x2  Code  Gb  stm32f0xx_it.o [1]
NVIC_EnableIRQ          0x080009ed    0xe  Code  Lc  stm32f0xx_hal_cortex.o [1]
NVIC_SetPriority        0x080009fb   0x84  Code  Lc  stm32f0xx_hal_cortex.o [1]
PendSV_Handler          0x08001e39    0x2  Code  Gb  stm32f0xx_it.o [1]
Region$$Table$$Base     0x08001ebc          --   Gb  - Linker created -
Region$$Table$$Limit    0x08001ee0          --   Gb  - Linker created -
SVC_Handler             0x08001e37    0x2  Code  Gb  stm32f0xx_it.o [1]
SysTick_Config          0x08000a7f   0x32  Code  Lc  stm32f0xx_hal_cortex.o [1]
SysTick_Handler         0x08001e3b    0xc  Code  Gb  stm32f0xx_it.o [1]
SystemClock_Config      0x080013b9   0x70  Code  Gb  main.o [1]
SystemCoreClock         0x20000000    0x4  Data  Gb  system_stm32f0xx.o [1]
SystemInit              0x08001d25   0x68  Code  Gb  system_stm32f0xx.o [1]
TIM6_DAC_IRQHandler     0x08001e51    0xa  Code  Gb  stm32f0xx_it.o [1]
TIM_Base_SetConfig      0x08001b71   0x94  Code  Gb  stm32f0xx_hal_tim.o [1]
TIM_ETR_SetConfig       0x08001c9b   0x20  Code  Gb  stm32f0xx_hal_tim.o [1]
TIM_ITRx_SetConfig      0x08001c83   0x18  Code  Lc  stm32f0xx_hal_tim.o [1]
TIM_TI1_ConfigInputStage
                        0x08001c21   0x2e  Code  Lc  stm32f0xx_hal_tim.o [1]
TIM_TI2_ConfigInputStage
                        0x08001c4f   0x34  Code  Lc  stm32f0xx_hal_tim.o [1]
TimeControlInit         0x08001611   0x86  Code  Gb  main.o [1]
_Error_Handler          0x08001789    0x4  Code  Gb  main.o [1]
__ICFEDIT_region_RAM_end__ {Abs}
                        0x20001fff          --   Gb  command line/config [2]
__ICFEDIT_region_RAM_start__ {Abs}
                        0x20000000          --   Gb  command line/config [2]
__aeabi_idiv0           0x08000b25         Code  Gb  IntDivZer.o [4]
__aeabi_memcpy4         0x08000805         Code  Wk  ABImemcpy.o [4]
__aeabi_uidiv           0x08000839         Code  Gb  I32DivModFast.o [4]
__aeabi_uidivmod        0x08000839         Code  Gb  I32DivModFast.o [4]
__cmain                 0x08001ee1         Code  Gb  cmain.o [4]
__exit                  0x08001f15   0x14  Code  Gb  exit.o [5]
__iar_copy_init3        0x08001e65   0x30  Code  Gb  copy_init3.o [4]
__iar_data_init3        0x08001e95   0x28  Code  Gb  data_init.o [4]
__iar_program_start     0x08001f69         Code  Gb  cstartup_M.o [4]
__iar_zero_init3        0x08001df5   0x3c  Code  Gb  zero_init3.o [4]
__low_level_init        0x08001efb    0x4  Code  Gb  low_level_init.o [3]
__vector_table          0x08000000         Data  Gb  startup_stm32f051x8.o [1]
_call_main              0x08001eed         Code  Gb  cmain.o [4]
_exit                   0x08001f09         Code  Gb  cexit.o [4]
_main                   0x08001ef7         Code  Gb  cmain.o [4]
exit                    0x08001eff    0x8  Code  Gb  exit.o [3]
flag_ovf                0x200006da    0x1  Data  Gb  main.o [1]
hadc                    0x20000608   0x4c  Data  Gb  main.o [1]
htim2                   0x20000654   0x40  Data  Gb  main.o [1]
htim6                   0x20000694   0x40  Data  Gb  main.o [1]
main                    0x08001301   0xb8  Code  Gb  main.o [1]
uwTick                  0x200006d4    0x4  Data  Gb  stm32f0xx_hal.o [1]


[1] = D:\Electronic\project\IRControlFilm\IRControl\EWARM\IRControl\Obj
[2] = command line
[3] = dl6M_tlf.a
[4] = rt6M_tl.a
[5] = shb_l.a

  7 952 bytes of readonly  code memory
    148 bytes of readonly  data memory
  1 753 bytes of readwrite data memory

Errors: none
Warnings: none
